// Jest Snapshot v1, https://goo.gl/fbAQLP

exports[`Module Construction should render component 1`] = `
Object {
  "asFragment": [Function],
  "baseElement": <body>
    <div>
      <div
        class="flex items-center justify-center bg-red-500 "
      >
        <h1
          class="p-4 text-4xl font-bold text-center text-white lg:text-7xl"
        >
          Site under construction ðŸš§
          <button
            class="hidden p-2 px-12 border border-solid rounded-full border-outline md:inline-block hover:bg-primary hover:border-opacity-0 active:bg-primary-hover"
          >
            mole
          </button>
        </h1>
      </div>
    </div>
  </body>,
  "container": <div>
    <div
      class="flex items-center justify-center bg-red-500 "
    >
      <h1
        class="p-4 text-4xl font-bold text-center text-white lg:text-7xl"
      >
        Site under construction ðŸš§
        <button
          class="hidden p-2 px-12 border border-solid rounded-full border-outline md:inline-block hover:bg-primary hover:border-opacity-0 active:bg-primary-hover"
        >
          mole
        </button>
      </h1>
    </div>
  </div>,
  "debug": [Function],
  "findAllByAltText": [Function],
  "findAllByDisplayValue": [Function],
  "findAllByLabelText": [Function],
  "findAllByPlaceholderText": [Function],
  "findAllByRole": [Function],
  "findAllByTestId": [Function],
  "findAllByText": [Function],
  "findAllByTitle": [Function],
  "findByAltText": [Function],
  "findByDisplayValue": [Function],
  "findByLabelText": [Function],
  "findByPlaceholderText": [Function],
  "findByRole": [Function],
  "findByTestId": [Function],
  "findByText": [Function],
  "findByTitle": [Function],
  "getAllByAltText": [Function],
  "getAllByDisplayValue": [Function],
  "getAllByLabelText": [Function],
  "getAllByPlaceholderText": [Function],
  "getAllByRole": [Function],
  "getAllByTestId": [Function],
  "getAllByText": [Function],
  "getAllByTitle": [Function],
  "getByAltText": [Function],
  "getByDisplayValue": [Function],
  "getByLabelText": [Function],
  "getByPlaceholderText": [Function],
  "getByRole": [Function],
  "getByTestId": [Function],
  "getByText": [Function],
  "getByTitle": [Function],
  "queryAllByAltText": [Function],
  "queryAllByDisplayValue": [Function],
  "queryAllByLabelText": [Function],
  "queryAllByPlaceholderText": [Function],
  "queryAllByRole": [Function],
  "queryAllByTestId": [Function],
  "queryAllByText": [Function],
  "queryAllByTitle": [Function],
  "queryByAltText": [Function],
  "queryByDisplayValue": [Function],
  "queryByLabelText": [Function],
  "queryByPlaceholderText": [Function],
  "queryByRole": [Function],
  "queryByTestId": [Function],
  "queryByText": [Function],
  "queryByTitle": [Function],
  "rerender": [Function],
  "unmount": [Function],
}
`;
